
> vite_react_shadcn_ts@0.0.0 build
> vite build

[36mvite v5.4.10 [32mbuilding for production...[36m[39m
transforming...
node.exe : Browserslist: browsers data 
(caniuse-lite) is 16 months old. Please 
run:
At line:1 char:1
+ & "C:\Program Files\nodejs/node.exe" 
"C:\Program Files\nodejs/node_mo ...
+ ~~~~~~~~~~~~~~~~~~~~~~~~~~~~~~~~~~~~~~
~~~~~~~~~~~~~~~~~~~~~~~~~~~~~~~
    + CategoryInfo          : NotSpecif 
   ied: (Browserslist: b...ld. Please   
  run::String) [], RemoteException
    + FullyQualifiedErrorId : NativeCom 
   mandError
 
  npx update-browserslist-db@latest
  Why you should do it regularly: https:
//github.com/browserslist/update-db#read
me
[32mΓ£ô[39m 748 modules transformed.
[31mx[39m Build failed in 11.81s
[31merror during build:
[31mCould not resolve 
"./siswa/useSiswaMutations" from 
"src/hooks/useSiswa.ts"[31m
file: [36mD:/orchids-lpkujc-master/src/
hooks/useSiswa.ts[31m
    at getRollupError (file:///D:/orchid
s-lpkujc-master/node_modules/rollup/dist
/es/shared/parseAst.js:395:41)
    at error (file:///D:/orchids-lpkujc-
master/node_modules/rollup/dist/es/share
d/parseAst.js:391:42)
    at 
ModuleLoader.handleInvalidResolvedId (fi
le:///D:/orchids-lpkujc-master/node_modu
les/rollup/dist/es/shared/node-entry.js:
20006:24)
    at file:///D:/orchids-lpkujc-master/
node_modules/rollup/dist/es/shared/node-
entry.js:19966:26[39m
